// Jest Snapshot v1, https://goo.gl/fbAQLP

exports[`Pruebas en <GifItem/> debe de hacer match con el snapshot 1`] = `
<div>
  <div
    class="card"
  >
    <img
      alt="Dragon Ball"
      src="https://gifexpertapp.com/dragon-ball.gif"
    />
    <p>
      Dragon Ball
    </p>
  </div>
</div>
`;
